2026-10-06 16:24:57 SHA OK weight=bc42d54e37acaf1f698af487439dc222fa86fb4498623e8cf954df14e0aa5533 zip=b28a94b06dfd9e36ce77ff8155fb82b9d2c030f198a76105933bd56c6ea6a68d
2026-10-06 16:24:57 n_images=3 ann_dir=D:\Doctoral-Research-Outline\11_Datasets\processed\VisDrone\P0_Benchmark\test-dev\VisDrone2019-DET-test-dev\annotations
2026-10-06 16:25:02 1/3 0000006_00159_d_0000001.jpg
2026-10-06 16:25:04 {
  "F640": {
    "tp": 92,
    "fp": 28,
    "precision": 0.7666666666666667,
    "small_gt": 82,
    "small_tp": 26,
    "small_recall": 0.3170731707317073,
    "n_images": 3,
    "mean_ms": 19.874633333529346
  },
  "F1280": {
    "tp": 114,
    "fp": 45,
    "precision": 0.7169811320754716,
    "small_gt": 82,
    "small_tp": 47,
    "small_recall": 0.573170731707317,
    "n_images": 3,
    "mean_ms": 35.13423333060928
  },
  "DensK1": {
    "tp": 123,
    "fp": 50,
    "precision": 0.7109826589595376,
    "small_gt": 82,
    "small_tp": 56,
    "small_recall": 0.6829268292682927,
    "n_images": 3,
    "mean_ms": 41.666666666666664
  },
  "UnifAll": {
    "tp": 125,
    "fp": 94,
    "precision": 0.5707762557077626,
    "small_gt": 82,
    "small_tp": 59,
    "small_recall": 0.7195121951219512,
    "n_images": 3,
    "mean_ms": 144.55676666693762
  },
  "SAHI640": {
    "tp": 93,
    "fp": 96,
    "precision": 0.49206349206349204,
    "small_gt": 82,
    "small_tp": 33,
    "small_recall": 0.4024390243902439,
    "n_images": 3,
    "mean_ms": 521.9268000024991
  }
}
2026-10-06 16:25:04 DONE wall_seconds=6.5
