2026-09-18 15:40:49 SHA OK weight=bc42d54e37acaf1f698af487439dc222fa86fb4498623e8cf954df14e0aa5533 seqs=50 gt_whole=50
2026-09-18 15:40:49 n_images=24 methods=['F640', 'F1280', 'DensK1', 'UnifAll', 'SAHI640']
WARNING 'half' is deprecated and will be removed in the future. Use 'quantize' instead.
WARNING 'half' is deprecated and will be removed in the future. Use 'quantize' instead.
WARNING 'half' is deprecated and will be removed in the future. Use 'quantize' instead.
WARNING 'half' is deprecated and will be removed in the future. Use 'quantize' instead.
WARNING 'half' is deprecated and will be removed in the future. Use 'quantize' instead.
WARNING 'half' is deprecated and will be removed in the future. Use 'quantize' instead.
WARNING 'half' is deprecated and will be removed in the future. Use 'quantize' instead.
WARNING 'half' is deprecated and will be removed in the future. Use 'quantize' instead.
WARNING 'half' is deprecated and will be removed in the future. Use 'quantize' instead.
2026-09-18 15:41:06 1/24 M0101/img000001.jpg
WARNING 'half' is deprecated and will be removed in the future. Use 'quantize' instead.
WARNING 'half' is deprecated and will be removed in the future. Use 'quantize' instead.
WARNING 'half' is deprecated and will be removed in the future. Use 'quantize' instead.
WARNING 'half' is deprecated and will be removed in the future. Use 'quantize' instead.
WARNING 'half' is deprecated and will be removed in the future. Use 'quantize' instead.
WARNING 'half' is deprecated and will be removed in the future. Use 'quantize' instead.
WARNING 'half' is deprecated and will be removed in the future. Use 'quantize' instead.
WARNING 'half' is deprecated and will be removed in the future. Use 'quantize' instead.
WARNING 'half' is deprecated and will be removed in the future. Use 'quantize' instead.
WARNING 'half' is deprecated and will be removed in the future. Use 'quantize' instead.
WARNING 'half' is deprecated and will be removed in the future. Use 'quantize' instead.
WARNING 'half' is deprecated and will be removed in the future. Use 'quantize' instead.
WARNING 'half' is deprecated and will be removed in the future. Use 'quantize' instead.
WARNING 'half' is deprecated and will be removed in the future. Use 'quantize' instead.
WARNING 'half' is deprecated and will be removed in the future. Use 'quantize' instead.
WARNING 'half' is deprecated and will be removed in the future. Use 'quantize' instead.
WARNING 'half' is deprecated and will be removed in the future. Use 'quantize' instead.
WARNING 'half' is deprecated and will be removed in the future. Use 'quantize' instead.
WARNING 'half' is deprecated and will be removed in the future. Use 'quantize' instead.
WARNING 'half' is deprecated and will be removed in the future. Use 'quantize' instead.
WARNING 'half' is deprecated and will be removed in the future. Use 'quantize' instead.
WARNING 'half' is deprecated and will be removed in the future. Use 'quantize' instead.
WARNING 'half' is deprecated and will be removed in the future. Use 'quantize' instead.
WARNING 'half' is deprecated and will be removed in the future. Use 'quantize' instead.
WARNING 'half' is deprecated and will be removed in the future. Use 'quantize' instead.
WARNING 'half' is deprecated and will be removed in the future. Use 'quantize' instead.
WARNING 'half' is deprecated and will be removed in the future. Use 'quantize' instead.
WARNING 'half' is deprecated and will be removed in the future. Use 'quantize' instead.
WARNING 'half' is deprecated and will be removed in the future. Use 'quantize' instead.
WARNING 'half' is deprecated and will be removed in the future. Use 'quantize' instead.
WARNING 'half' is deprecated and will be removed in the future. Use 'quantize' instead.
WARNING 'half' is deprecated and will be removed in the future. Use 'quantize' instead.
WARNING 'half' is deprecated and will be removed in the future. Use 'quantize' instead.
WARNING 'half' is deprecated and will be removed in the future. Use 'quantize' instead.
WARNING 'half' is deprecated and will be removed in the future. Use 'quantize' instead.
WARNING 'half' is deprecated and will be removed in the future. Use 'quantize' instead.
WARNING 'half' is deprecated and will be removed in the future. Use 'quantize' instead.
WARNING 'half' is deprecated and will be removed in the future. Use 'quantize' instead.
WARNING 'half' is deprecated and will be removed in the future. Use 'quantize' instead.
WARNING 'half' is deprecated and will be removed in the future. Use 'quantize' instead.
WARNING 'half' is deprecated and will be removed in the future. Use 'quantize' instead.
WARNING 'half' is deprecated and will be removed in the future. Use 'quantize' instead.
WARNING 'half' is deprecated and will be removed in the future. Use 'quantize' instead.
WARNING 'half' is deprecated and will be removed in the future. Use 'quantize' instead.
WARNING 'half' is deprecated and will be removed in the future. Use 'quantize' instead.
WARNING 'half' is deprecated and will be removed in the future. Use 'quantize' instead.
WARNING 'half' is deprecated and will be removed in the future. Use 'quantize' instead.
WARNING 'half' is deprecated and will be removed in the future. Use 'quantize' instead.
WARNING 'half' is deprecated and will be removed in the future. Use 'quantize' instead.
WARNING 'half' is deprecated and will be removed in the future. Use 'quantize' instead.
WARNING 'half' is deprecated and will be removed in the future. Use 'quantize' instead.
WARNING 'half' is deprecated and will be removed in the future. Use 'quantize' instead.
WARNING 'half' is deprecated and will be removed in the future. Use 'quantize' instead.
WARNING 'half' is deprecated and will be removed in the future. Use 'quantize' instead.
WARNING 'half' is deprecated and will be removed in the future. Use 'quantize' instead.
WARNING 'half' is deprecated and will be removed in the future. Use 'quantize' instead.
WARNING 'half' is deprecated and will be removed in the future. Use 'quantize' instead.
WARNING 'half' is deprecated and will be removed in the future. Use 'quantize' instead.
WARNING 'half' is deprecated and will be removed in the future. Use 'quantize' instead.
WARNING 'half' is deprecated and will be removed in the future. Use 'quantize' instead.
WARNING 'half' is deprecated and will be removed in the future. Use 'quantize' instead.
WARNING 'half' is deprecated and will be removed in the future. Use 'quantize' instead.
WARNING 'half' is deprecated and will be removed in the future. Use 'quantize' instead.
2026-09-18 15:41:11 10/24 M0101/img000010.jpg
WARNING 'half' is deprecated and will be removed in the future. Use 'quantize' instead.
WARNING 'half' is deprecated and will be removed in the future. Use 'quantize' instead.
WARNING 'half' is deprecated and will be removed in the future. Use 'quantize' instead.
WARNING 'half' is deprecated and will be removed in the future. Use 'quantize' instead.
WARNING 'half' is deprecated and will be removed in the future. Use 'quantize' instead.
WARNING 'half' is deprecated and will be removed in the future. Use 'quantize' instead.
WARNING 'half' is deprecated and will be removed in the future. Use 'quantize' instead.
WARNING 'half' is deprecated and will be removed in the future. Use 'quantize' instead.
WARNING 'half' is deprecated and will be removed in the future. Use 'quantize' instead.
WARNING 'half' is deprecated and will be removed in the future. Use 'quantize' instead.
WARNING 'half' is deprecated and will be removed in the future. Use 'quantize' instead.
WARNING 'half' is deprecated and will be removed in the future. Use 'quantize' instead.
WARNING 'half' is deprecated and will be removed in the future. Use 'quantize' instead.
WARNING 'half' is deprecated and will be removed in the future. Use 'quantize' instead.
WARNING 'half' is deprecated and will be removed in the future. Use 'quantize' instead.
WARNING 'half' is deprecated and will be removed in the future. Use 'quantize' instead.
WARNING 'half' is deprecated and will be removed in the future. Use 'quantize' instead.
WARNING 'half' is deprecated and will be removed in the future. Use 'quantize' instead.
WARNING 'half' is deprecated and will be removed in the future. Use 'quantize' instead.
WARNING 'half' is deprecated and will be removed in the future. Use 'quantize' instead.
WARNING 'half' is deprecated and will be removed in the future. Use 'quantize' instead.
WARNING 'half' is deprecated and will be removed in the future. Use 'quantize' instead.
WARNING 'half' is deprecated and will be removed in the future. Use 'quantize' instead.
WARNING 'half' is deprecated and will be removed in the future. Use 'quantize' instead.
WARNING 'half' is deprecated and will be removed in the future. Use 'quantize' instead.
WARNING 'half' is deprecated and will be removed in the future. Use 'quantize' instead.
WARNING 'half' is deprecated and will be removed in the future. Use 'quantize' instead.
WARNING 'half' is deprecated and will be removed in the future. Use 'quantize' instead.
WARNING 'half' is deprecated and will be removed in the future. Use 'quantize' instead.
WARNING 'half' is deprecated and will be removed in the future. Use 'quantize' instead.
WARNING 'half' is deprecated and will be removed in the future. Use 'quantize' instead.
WARNING 'half' is deprecated and will be removed in the future. Use 'quantize' instead.
WARNING 'half' is deprecated and will be removed in the future. Use 'quantize' instead.
WARNING 'half' is deprecated and will be removed in the future. Use 'quantize' instead.
WARNING 'half' is deprecated and will be removed in the future. Use 'quantize' instead.
WARNING 'half' is deprecated and will be removed in the future. Use 'quantize' instead.
WARNING 'half' is deprecated and will be removed in the future. Use 'quantize' instead.
WARNING 'half' is deprecated and will be removed in the future. Use 'quantize' instead.
WARNING 'half' is deprecated and will be removed in the future. Use 'quantize' instead.
WARNING 'half' is deprecated and will be removed in the future. Use 'quantize' instead.
WARNING 'half' is deprecated and will be removed in the future. Use 'quantize' instead.
WARNING 'half' is deprecated and will be removed in the future. Use 'quantize' instead.
WARNING 'half' is deprecated and will be removed in the future. Use 'quantize' instead.
WARNING 'half' is deprecated and will be removed in the future. Use 'quantize' instead.
WARNING 'half' is deprecated and will be removed in the future. Use 'quantize' instead.
WARNING 'half' is deprecated and will be removed in the future. Use 'quantize' instead.
WARNING 'half' is deprecated and will be removed in the future. Use 'quantize' instead.
WARNING 'half' is deprecated and will be removed in the future. Use 'quantize' instead.
WARNING 'half' is deprecated and will be removed in the future. Use 'quantize' instead.
WARNING 'half' is deprecated and will be removed in the future. Use 'quantize' instead.
WARNING 'half' is deprecated and will be removed in the future. Use 'quantize' instead.
WARNING 'half' is deprecated and will be removed in the future. Use 'quantize' instead.
WARNING 'half' is deprecated and will be removed in the future. Use 'quantize' instead.
WARNING 'half' is deprecated and will be removed in the future. Use 'quantize' instead.
WARNING 'half' is deprecated and will be removed in the future. Use 'quantize' instead.
WARNING 'half' is deprecated and will be removed in the future. Use 'quantize' instead.
WARNING 'half' is deprecated and will be removed in the future. Use 'quantize' instead.
WARNING 'half' is deprecated and will be removed in the future. Use 'quantize' instead.
WARNING 'half' is deprecated and will be removed in the future. Use 'quantize' instead.
WARNING 'half' is deprecated and will be removed in the future. Use 'quantize' instead.
WARNING 'half' is deprecated and will be removed in the future. Use 'quantize' instead.
WARNING 'half' is deprecated and will be removed in the future. Use 'quantize' instead.
WARNING 'half' is deprecated and will be removed in the future. Use 'quantize' instead.
WARNING 'half' is deprecated and will be removed in the future. Use 'quantize' instead.
WARNING 'half' is deprecated and will be removed in the future. Use 'quantize' instead.
WARNING 'half' is deprecated and will be removed in the future. Use 'quantize' instead.
WARNING 'half' is deprecated and will be removed in the future. Use 'quantize' instead.
WARNING 'half' is deprecated and will be removed in the future. Use 'quantize' instead.
WARNING 'half' is deprecated and will be removed in the future. Use 'quantize' instead.
WARNING 'half' is deprecated and will be removed in the future. Use 'quantize' instead.
2026-09-18 15:41:15 20/24 M0101/img000020.jpg
WARNING 'half' is deprecated and will be removed in the future. Use 'quantize' instead.
WARNING 'half' is deprecated and will be removed in the future. Use 'quantize' instead.
WARNING 'half' is deprecated and will be removed in the future. Use 'quantize' instead.
WARNING 'half' is deprecated and will be removed in the future. Use 'quantize' instead.
WARNING 'half' is deprecated and will be removed in the future. Use 'quantize' instead.
WARNING 'half' is deprecated and will be removed in the future. Use 'quantize' instead.
WARNING 'half' is deprecated and will be removed in the future. Use 'quantize' instead.
WARNING 'half' is deprecated and will be removed in the future. Use 'quantize' instead.
WARNING 'half' is deprecated and will be removed in the future. Use 'quantize' instead.
WARNING 'half' is deprecated and will be removed in the future. Use 'quantize' instead.
WARNING 'half' is deprecated and will be removed in the future. Use 'quantize' instead.
WARNING 'half' is deprecated and will be removed in the future. Use 'quantize' instead.
WARNING 'half' is deprecated and will be removed in the future. Use 'quantize' instead.
WARNING 'half' is deprecated and will be removed in the future. Use 'quantize' instead.
WARNING 'half' is deprecated and will be removed in the future. Use 'quantize' instead.
WARNING 'half' is deprecated and will be removed in the future. Use 'quantize' instead.
WARNING 'half' is deprecated and will be removed in the future. Use 'quantize' instead.
WARNING 'half' is deprecated and will be removed in the future. Use 'quantize' instead.
WARNING 'half' is deprecated and will be removed in the future. Use 'quantize' instead.
WARNING 'half' is deprecated and will be removed in the future. Use 'quantize' instead.
WARNING 'half' is deprecated and will be removed in the future. Use 'quantize' instead.
WARNING 'half' is deprecated and will be removed in the future. Use 'quantize' instead.
WARNING 'half' is deprecated and will be removed in the future. Use 'quantize' instead.
WARNING 'half' is deprecated and will be removed in the future. Use 'quantize' instead.
WARNING 'half' is deprecated and will be removed in the future. Use 'quantize' instead.
WARNING 'half' is deprecated and will be removed in the future. Use 'quantize' instead.
WARNING 'half' is deprecated and will be removed in the future. Use 'quantize' instead.
WARNING 'half' is deprecated and will be removed in the future. Use 'quantize' instead.
2026-09-18 15:41:17 {
  "F640": {
    "tp": 347,
    "fp": 341,
    "precision": 0.5043604651162791,
    "small_gt": 104,
    "small_tp": 104,
    "small_recall": 1.0,
    "n_images": 24,
    "mean_ms": 20.52610833319098
  },
  "F1280": {
    "tp": 347,
    "fp": 374,
    "precision": 0.4812760055478502,
    "small_gt": 104,
    "small_tp": 104,
    "small_recall": 1.0,
    "n_images": 24,
    "mean_ms": 52.04162916743371
  },
  "DensK1": {
    "tp": 344,
    "fp": 468,
    "precision": 0.4236453201970443,
    "small_gt": 104,
    "small_tp": 104,
    "small_recall": 1.0,
    "n_images": 24,
    "mean_ms": 43.23051666688116
  },
  "UnifAll": {
    "tp": 347,
    "fp": 475,
    "precision": 0.4221411192214112,
    "small_gt": 104,
    "small_tp": 104,
    "small_recall": 1.0,
    "n_images": 24,
    "mean_ms": 62.10403749901161
  },
  "SAHI640": {
    "tp": 347,
    "fp": 450,
    "precision": 0.4353826850690088,
    "small_gt": 104,
    "small_tp": 104,
    "small_recall": 1.0,
    "n_images": 24,
    "mean_ms": 250.6275874984567
  }
}
2026-09-18 15:41:17 DONE wall_seconds=58.2
